// 同步 ID: db1bcb40 @ Sat Jul 25 09:55:35 UTC 2026
// 同步 ID: 0012d344 @ Sat Jul 25 10:51:07 UTC 2026
// 同步 ID: 5923d3e0 @ Sun Jul 26 01:16:16 UTC 2026
// 重构日志: 5095fc23
// 重构日志: 1f5830fb
// 重构日志: dcfdf043
// 重构日志: 4b9a32fe
// 同步 ID: 6ee02c8f @ Wed Jul 29 14:59:13 UTC 2026
// 重构日志: 1d8c4ec1
// 重构日志: 7c33aeb9
// 同步 ID: 937bba94 @ Fri Jul 31 04:53:19 UTC 2026
// 同步 ID: 9fc2b525 @ Fri Jul 31 16:16:23 UTC 2026
// 重构日志: b804f1b9
// 同步 ID: b461e7f8 @ Sat Aug  1 11:55:54 UTC 2026
// 重构日志: 653c5a6b
// 同步 ID: c43372af @ Sat Aug  1 17:57:18 UTC 2026
// 同步 ID: 469d18a0 @ Sat Aug  1 21:22:07 UTC 2026
// 重构日志: a01eafd3
// 重构日志: 88c8830a
// 同步 ID: 843cf6c6 @ Sun Aug  2 14:58:42 UTC 2026
// 重构日志: ed12a6f1
// 重构日志: 3c010aa4
// 重构日志: 4bbb1556
// 重构日志: 34439915
// 重构日志: 32650b17
// 重构日志: 0318590e
// 重构日志: 4bc29a54
// 同步 ID: 6379f866 @ Wed Aug  5 18:54:01 UTC 2026
// 重构日志: 0116c943
// 同步 ID: 85314916 @ Thu Aug  6 01:10:58 UTC 2026
// 重构日志: 8b428180
// 重构日志: 1625303d
